==== 2026-04-22 18:53:04 开始同步 ====
同步了 9 份报告
index.html generated with 9 reports
To github.com:D-acoo1/dafucool-reports.git
   771bb23..7feda95  main -> main
✅ 推送成功 → https://d-acoo1.github.io/dafucool-reports/
==== 2026-04-22 18:53:26 开始同步 ====
同步了 9 份报告
index.html generated with 9 reports
To github.com:D-acoo1/dafucool-reports.git
   7feda95..e658839  main -> main
✅ 推送成功 → https://d-acoo1.github.io/dafucool-reports/
==== 2026-04-22 19:16:31 开始同步 ====
复制/覆盖了 10 份报告
index.html generated with 10 reports
To github.com:D-acoo1/dafucool-reports.git
   abf442b..f0813a5  main -> main
✅ 推送成功 → https://d-acoo1.github.io/dafucool-reports/
==== 2026-04-22 19:17:09 开始同步 ====
复制/覆盖了 10 份报告
index.html generated with 10 reports
